Update stop status error: RequestError: The UPDATE statement conflicted with the CHECK constraint "CK_LoTrinh_TrungChuyen_ThoiGian". The conflict occurred in database "TrungChuyenDB", table "dbo.LoTrinhTrungChuyen".
    at handleError (D:\KiemThuPhanMem\07_KiemThuPhanMem\backend\node_modules\mssql\lib\tedious\request.js:384:15)
    at Connection.emit (node:events:508:28)
    at Connection.emit (D:\KiemThuPhanMem\07_KiemThuPhanMem\backend\node_modules\tedious\lib\connection.js:1013:18)
    at RequestTokenHandler.onErrorMessage (D:\KiemThuPhanMem\07_KiemThuPhanMem\backend\node_modules\tedious\lib\token\handler.js:285:21)
    at Readable.<anonymous> (D:\KiemThuPhanMem\07_KiemThuPhanMem\backend\node_modules\tedious\lib\token\token-stream-parser.js:19:33)
    at Readable.emit (node:events:508:28)
    at addChunk (node:internal/streams/readable:559:12)
    at readableAddChunkPushObjectMode (node:internal/streams/readable:536:3)
    at Readable.push (node:internal/streams/readable:391:5)
    at nextAsync (node:internal/streams/from:194:22) {
  code: 'EREQUEST',
  originalError: Error: The UPDATE statement conflicted with the CHECK constraint "CK_LoTrinh_TrungChuyen_ThoiGian". The conflict occurred in database "TrungChuyenDB", table "dbo.LoTrinhTrungChuyen".
      at handleError (D:\KiemThuPhanMem\07_KiemThuPhanMem\backend\node_modules\mssql\lib\tedious\request.js:382:19)
      at Connection.emit (node:events:508:28)
      at Connection.emit (D:\KiemThuPhanMem\07_KiemThuPhanMem\backend\node_modules\tedious\lib\connection.js:1013:18)
      at RequestTokenHandler.onErrorMessage (D:\KiemThuPhanMem\07_KiemThuPhanMem\backend\node_modules\tedious\lib\token\handler.js:285:21)
      at Readable.<anonymous> (D:\KiemThuPhanMem\07_KiemThuPhanMem\backend\node_modules\tedious\lib\token\token-stream-parser.js:19:33)
      at Readable.emit (node:events:508:28)
      at addChunk (node:internal/streams/readable:559:12)
      at readableAddChunkPushObjectMode (node:internal/streams/readable:536:3)
      at Readable.push (node:internal/streams/readable:391:5)
      at nextAsync (node:internal/streams/from:194:22) {
    info: ErrorMessageToken {
      name: 'ERROR',
      handlerName: 'onErrorMessage',
      number: 547,
      state: 0,
      class: 16,
      message: 'The UPDATE statement conflicted with the CHECK constraint "CK_LoTrinh_TrungChuyen_ThoiGian". The conflict occurred in database "TrungChuyenDB", table "dbo.LoTrinhTrungChuyen".',
      serverName: 'LAPTOP-7RU7KKB4\\MSSQLSERVER03',
      procName: '',
      lineNumber: 2
    }
  },
  number: 547,
  lineNumber: 2,
  state: undefined,
  class: 16,
  serverName: 'LAPTOP-7RU7KKB4\\MSSQLSERVER03',
  procName: '',
  precedingErrors: []
}
Update stop status error: RequestError: The UPDATE statement conflicted with the CHECK constraint "CK_LoTrinh_TrungChuyen_ThoiGian". The conflict occurred in database "TrungChuyenDB", table "dbo.LoTrinhTrungChuyen".
    at handleError (D:\KiemThuPhanMem\07_KiemThuPhanMem\backend\node_modules\mssql\lib\tedious\request.js:384:15)
    at Connection.emit (node:events:508:28)
    at Connection.emit (D:\KiemThuPhanMem\07_KiemThuPhanMem\backend\node_modules\tedious\lib\connection.js:1013:18)
    at RequestTokenHandler.onErrorMessage (D:\KiemThuPhanMem\07_KiemThuPhanMem\backend\node_modules\tedious\lib\token\handler.js:285:21)
    at Readable.<anonymous> (D:\KiemThuPhanMem\07_KiemThuPhanMem\backend\node_modules\tedious\lib\token\token-stream-parser.js:19:33)
    at Readable.emit (node:events:508:28)
    at addChunk (node:internal/streams/readable:559:12)
    at readableAddChunkPushObjectMode (node:internal/streams/readable:536:3)
    at Readable.push (node:internal/streams/readable:391:5)
    at nextAsync (node:internal/streams/from:194:22) {
  code: 'EREQUEST',
  originalError: Error: The UPDATE statement conflicted with the CHECK constraint "CK_LoTrinh_TrungChuyen_ThoiGian". The conflict occurred in database "TrungChuyenDB", table "dbo.LoTrinhTrungChuyen".
      at handleError (D:\KiemThuPhanMem\07_KiemThuPhanMem\backend\node_modules\mssql\lib\tedious\request.js:382:19)
      at Connection.emit (node:events:508:28)
      at Connection.emit (D:\KiemThuPhanMem\07_KiemThuPhanMem\backend\node_modules\tedious\lib\connection.js:1013:18)
      at RequestTokenHandler.onErrorMessage (D:\KiemThuPhanMem\07_KiemThuPhanMem\backend\node_modules\tedious\lib\token\handler.js:285:21)
      at Readable.<anonymous> (D:\KiemThuPhanMem\07_KiemThuPhanMem\backend\node_modules\tedious\lib\token\token-stream-parser.js:19:33)
      at Readable.emit (node:events:508:28)
      at addChunk (node:internal/streams/readable:559:12)
      at readableAddChunkPushObjectMode (node:internal/streams/readable:536:3)
      at Readable.push (node:internal/streams/readable:391:5)
      at nextAsync (node:internal/streams/from:194:22) {
    info: ErrorMessageToken {
      name: 'ERROR',
      handlerName: 'onErrorMessage',
      number: 547,
      state: 0,
      class: 16,
      message: 'The UPDATE statement conflicted with the CHECK constraint "CK_LoTrinh_TrungChuyen_ThoiGian". The conflict occurred in database "TrungChuyenDB", table "dbo.LoTrinhTrungChuyen".',
      serverName: 'LAPTOP-7RU7KKB4\\MSSQLSERVER03',
      procName: '',
      lineNumber: 2
    }
  },
  number: 547,
  lineNumber: 2,
  state: undefined,
  class: 16,
  serverName: 'LAPTOP-7RU7KKB4\\MSSQLSERVER03',
  procName: '',
  precedingErrors: []
}
Update stop status error: RequestError: The UPDATE statement conflicted with the CHECK constraint "CK_LoTrinh_TrungChuyen_ThoiGian". The conflict occurred in database "TrungChuyenDB", table "dbo.LoTrinhTrungChuyen".
    at handleError (D:\KiemThuPhanMem\07_KiemThuPhanMem\backend\node_modules\mssql\lib\tedious\request.js:384:15)
    at Connection.emit (node:events:508:28)
    at Connection.emit (D:\KiemThuPhanMem\07_KiemThuPhanMem\backend\node_modules\tedious\lib\connection.js:1013:18)
    at RequestTokenHandler.onErrorMessage (D:\KiemThuPhanMem\07_KiemThuPhanMem\backend\node_modules\tedious\lib\token\handler.js:285:21)
    at Readable.<anonymous> (D:\KiemThuPhanMem\07_KiemThuPhanMem\backend\node_modules\tedious\lib\token\token-stream-parser.js:19:33)
    at Readable.emit (node:events:508:28)
    at addChunk (node:internal/streams/readable:559:12)
    at readableAddChunkPushObjectMode (node:internal/streams/readable:536:3)
    at Readable.push (node:internal/streams/readable:391:5)
    at nextAsync (node:internal/streams/from:194:22) {
  code: 'EREQUEST',
  originalError: Error: The UPDATE statement conflicted with the CHECK constraint "CK_LoTrinh_TrungChuyen_ThoiGian". The conflict occurred in database "TrungChuyenDB", table "dbo.LoTrinhTrungChuyen".
      at handleError (D:\KiemThuPhanMem\07_KiemThuPhanMem\backend\node_modules\mssql\lib\tedious\request.js:382:19)
      at Connection.emit (node:events:508:28)
      at Connection.emit (D:\KiemThuPhanMem\07_KiemThuPhanMem\backend\node_modules\tedious\lib\connection.js:1013:18)
      at RequestTokenHandler.onErrorMessage (D:\KiemThuPhanMem\07_KiemThuPhanMem\backend\node_modules\tedious\lib\token\handler.js:285:21)
      at Readable.<anonymous> (D:\KiemThuPhanMem\07_KiemThuPhanMem\backend\node_modules\tedious\lib\token\token-stream-parser.js:19:33)
      at Readable.emit (node:events:508:28)
      at addChunk (node:internal/streams/readable:559:12)
      at readableAddChunkPushObjectMode (node:internal/streams/readable:536:3)
      at Readable.push (node:internal/streams/readable:391:5)
      at nextAsync (node:internal/streams/from:194:22) {
    info: ErrorMessageToken {
      name: 'ERROR',
      handlerName: 'onErrorMessage',
      number: 547,
      state: 0,
      class: 16,
      message: 'The UPDATE statement conflicted with the CHECK constraint "CK_LoTrinh_TrungChuyen_ThoiGian". The conflict occurred in database "TrungChuyenDB", table "dbo.LoTrinhTrungChuyen".',
      serverName: 'LAPTOP-7RU7KKB4\\MSSQLSERVER03',
      procName: '',
      lineNumber: 2
    }
  },
  number: 547,
  lineNumber: 2,
  state: undefined,
  class: 16,
  serverName: 'LAPTOP-7RU7KKB4\\MSSQLSERVER03',
  procName: '',
  precedingErrors: []
}
Update stop status error: RequestError: The UPDATE statement conflicted with the CHECK constraint "CK_LoTrinh_TrungChuyen_ThoiGian". The conflict occurred in database "TrungChuyenDB", table "dbo.LoTrinhTrungChuyen".
    at handleError (D:\KiemThuPhanMem\07_KiemThuPhanMem\backend\node_modules\mssql\lib\tedious\request.js:384:15)
    at Connection.emit (node:events:508:28)
    at Connection.emit (D:\KiemThuPhanMem\07_KiemThuPhanMem\backend\node_modules\tedious\lib\connection.js:1013:18)
    at RequestTokenHandler.onErrorMessage (D:\KiemThuPhanMem\07_KiemThuPhanMem\backend\node_modules\tedious\lib\token\handler.js:285:21)
    at Readable.<anonymous> (D:\KiemThuPhanMem\07_KiemThuPhanMem\backend\node_modules\tedious\lib\token\token-stream-parser.js:19:33)
    at Readable.emit (node:events:508:28)
    at addChunk (node:internal/streams/readable:559:12)
    at readableAddChunkPushObjectMode (node:internal/streams/readable:536:3)
    at Readable.push (node:internal/streams/readable:391:5)
    at nextAsync (node:internal/streams/from:194:22) {
  code: 'EREQUEST',
  originalError: Error: The UPDATE statement conflicted with the CHECK constraint "CK_LoTrinh_TrungChuyen_ThoiGian". The conflict occurred in database "TrungChuyenDB", table "dbo.LoTrinhTrungChuyen".
      at handleError (D:\KiemThuPhanMem\07_KiemThuPhanMem\backend\node_modules\mssql\lib\tedious\request.js:382:19)
      at Connection.emit (node:events:508:28)
      at Connection.emit (D:\KiemThuPhanMem\07_KiemThuPhanMem\backend\node_modules\tedious\lib\connection.js:1013:18)
      at RequestTokenHandler.onErrorMessage (D:\KiemThuPhanMem\07_KiemThuPhanMem\backend\node_modules\tedious\lib\token\handler.js:285:21)
      at Readable.<anonymous> (D:\KiemThuPhanMem\07_KiemThuPhanMem\backend\node_modules\tedious\lib\token\token-stream-parser.js:19:33)
      at Readable.emit (node:events:508:28)
      at addChunk (node:internal/streams/readable:559:12)
      at readableAddChunkPushObjectMode (node:internal/streams/readable:536:3)
      at Readable.push (node:internal/streams/readable:391:5)
      at nextAsync (node:internal/streams/from:194:22) {
    info: ErrorMessageToken {
      name: 'ERROR',
      handlerName: 'onErrorMessage',
      number: 547,
      state: 0,
      class: 16,
      message: 'The UPDATE statement conflicted with the CHECK constraint "CK_LoTrinh_TrungChuyen_ThoiGian". The conflict occurred in database "TrungChuyenDB", table "dbo.LoTrinhTrungChuyen".',
      serverName: 'LAPTOP-7RU7KKB4\\MSSQLSERVER03',
      procName: '',
      lineNumber: 2
    }
  },
  number: 547,
  lineNumber: 2,
  state: undefined,
  class: 16,
  serverName: 'LAPTOP-7RU7KKB4\\MSSQLSERVER03',
  procName: '',
  precedingErrors: []
}
^C^C